// Jest Snapshot v1, https://goo.gl/fbAQLP

exports[`<ExplainSite /> <ExplainSite /> snapshot 1`] = `
Object {
  "asFragment": [Function],
  "baseElement": <body>
    <div>
      <div
        class="explainSite__ExplainWrap-twxkik-0 bYGHGQ"
      >
        <div
          class="explainSite__ExplainContainer-twxkik-1 dRaxaZ"
        >
          <h1>
            Try the various services provided by Choi Tech.
          </h1>
          <div
            class="explainSite__ExplainContent-twxkik-2 iDmgc"
          >
            <div>
              <h2>
                지식 공유
              </h2>
              <p>
                Front-end 프레임워크인 React에 관련된 기술 및 경험을 공유 합니다. 주로 개발 환경 구성 및, 이슈 대응, 문제 해결 등 다양한 주제를 다루고 있습니다. 또한, 공유한 지식에 대하여, 질의 응답 등을 이용 할 수 있습니다.
              </p>
            </div>
          </div>
        </div>
      </div>
    </div>
  </body>,
  "container": <div>
    <div
      class="explainSite__ExplainWrap-twxkik-0 bYGHGQ"
    >
      <div
        class="explainSite__ExplainContainer-twxkik-1 dRaxaZ"
      >
        <h1>
          Try the various services provided by Choi Tech.
        </h1>
        <div
          class="explainSite__ExplainContent-twxkik-2 iDmgc"
        >
          <div>
            <h2>
              지식 공유
            </h2>
            <p>
              Front-end 프레임워크인 React에 관련된 기술 및 경험을 공유 합니다. 주로 개발 환경 구성 및, 이슈 대응, 문제 해결 등 다양한 주제를 다루고 있습니다. 또한, 공유한 지식에 대하여, 질의 응답 등을 이용 할 수 있습니다.
            </p>
          </div>
        </div>
      </div>
    </div>
  </div>,
  "debug": [Function],
  "findAllByAltText": [Function],
  "findAllByDisplayValue": [Function],
  "findAllByLabelText": [Function],
  "findAllByPlaceholderText": [Function],
  "findAllByRole": [Function],
  "findAllByTestId": [Function],
  "findAllByText": [Function],
  "findAllByTitle": [Function],
  "findByAltText": [Function],
  "findByDisplayValue": [Function],
  "findByLabelText": [Function],
  "findByPlaceholderText": [Function],
  "findByRole": [Function],
  "findByTestId": [Function],
  "findByText": [Function],
  "findByTitle": [Function],
  "getAllByAltText": [Function],
  "getAllByDisplayValue": [Function],
  "getAllByLabelText": [Function],
  "getAllByPlaceholderText": [Function],
  "getAllByRole": [Function],
  "getAllByTestId": [Function],
  "getAllByText": [Function],
  "getAllByTitle": [Function],
  "getByAltText": [Function],
  "getByDisplayValue": [Function],
  "getByLabelText": [Function],
  "getByPlaceholderText": [Function],
  "getByRole": [Function],
  "getByTestId": [Function],
  "getByText": [Function],
  "getByTitle": [Function],
  "queryAllByAltText": [Function],
  "queryAllByDisplayValue": [Function],
  "queryAllByLabelText": [Function],
  "queryAllByPlaceholderText": [Function],
  "queryAllByRole": [Function],
  "queryAllByTestId": [Function],
  "queryAllByText": [Function],
  "queryAllByTitle": [Function],
  "queryByAltText": [Function],
  "queryByDisplayValue": [Function],
  "queryByLabelText": [Function],
  "queryByPlaceholderText": [Function],
  "queryByRole": [Function],
  "queryByTestId": [Function],
  "queryByText": [Function],
  "queryByTitle": [Function],
  "rerender": [Function],
  "unmount": [Function],
}
`;
